// Jest Snapshot v1, https://goo.gl/fbAQLP

exports[`snapshot 1`] = `
<div>
  <div>
     foo ----------------- 
    <button>
      login
    </button>
    <button>
      get user
    </button>
    <div>
      bar
    </div>
  </div>
</div>
`;
